Γû▓ Next.js 16.2.4 (Turbopack)

  Creating an optimized production build ...
Γ£ô Compiled successfully in 3.9s
  Running TypeScript ...
  Finished TypeScript in 4.3s ...
  Collecting page data using 7 workers ...
  Generating static pages using 7 workers (0/8) ...
  Generating static pages using 7 workers (2/8) 
  Generating static pages using 7 workers (4/8) 
  Generating static pages using 7 workers (6/8) 
Γ£ô Generating static pages using 7 workers (8/8) in 462ms
  Finalizing page optimization ...

Route (app)
Γöî Γùï /
Γö£ Γùï /_not-found
Γö£ Γùï /about
Γö£ Γùï /contact
Γö£ Γùï /portfolio
Γöö Γùï /services/book-writing


Γùï  (Static)  prerendered as static content

